[clone django/django@9f790ef1 ok]

Checking patch tests/auth_tests/test_remote_user.py...
Checking patch tests/auth_tests/test_remote_user.py...
Applied patch tests/auth_tests/test_remote_user.py cleanly.
Applied patch tests/auth_tests/test_remote_user.py cleanly.


Checking patch django/contrib/auth/middleware.py...
Checking patch django/contrib/auth/middleware.py...
Checking patch django/contrib/auth/middleware.py...
Applied patch django/contrib/auth/middleware.py cleanly.
Applied patch django/contrib/auth/middleware.py cleanly.
Applied patch django/contrib/auth/middleware.py cleanly.


[install rc=0]
Obtaining file:///tmp/pcb_workdirs/django__django-21203
  Installing build dependencies: started
  Installing build dependencies: finished with status 'done'
  Checking if build backend supports build_editable: started
  Checking if build backend supports build_editable: finished with status 'done'
  Getting requirements to build editable: started
  Getting requirements to build editable: finished with status 'done'
  Preparing editable metadata (pyproject.toml): started
  Preparing editable metadata (pyproject.toml): finished with status 'done'
Collecting asgiref>=3.9.1 (from Django==6.1.dev20260430235211)
  Using cached asgiref-3.11.1-py3-none-any.whl.metadata (9.3 kB)
Collecting sqlparse>=0.5.0 (from Django==6.1.dev20260430235211)
  Using cached sqlparse-0.5.5-py3-none-any.whl.metadata (4.7 kB)
Using cached asgiref-3.11.1-py3-none-any.whl (24 kB)
Using cached sqlparse-0.5.5-py3-none-any.whl (46 kB)
Building wheels for collected packages: Django
  Building editable for Django (pyproject.toml): started
  Building editable for Django (pyproject.toml): finished with status 'done'
  Created wheel for Django: filename=django-6.1.dev20260430235211-0.editable-py3-none-any.whl size=48078 sha256=2b909d6201c5b767831c35224c1f2efa8c75ba24bb78023c6c3846526005ffe9
  Stored in directory: /tmp/pip-ephem-wheel-cache-qi4jcv15/wheels/fb/fe/3c/2ca49d42d02901a266c95acb1a00091b18cfbdc4f648bf25a3
Successfully built Django
Installing collected packages: sqlparse, asgiref, Django

Successfully installed Django-6.1.dev20260430235211 asgiref-3.11.1 sqlparse-0.5.5
WARNING: django 6.1.dev20260430235211 does not provide the extra 'test'

[test rc=4]
============================= test session starts ==============================
platform linux -- Python 3.14.4, pytest-9.0.3, pluggy-1.6.0 -- /home/linuxbrew/.linuxbrew/opt/python@3.14/bin/python3.14
rootdir: /tmp/pcb_workdirs/django__django-21203
configfile: pyproject.toml
collecting ... collected 0 items / 1 error

==================================== ERRORS ====================================
____________ ERROR collecting tests/auth_tests/test_remote_user.py _____________
ImportError while importing test module '/tmp/pcb_workdirs/django__django-21203/tests/auth_tests/test_remote_user.py'.
Hint: make sure your test modules/packages have valid Python names.
Traceback:
/home/linuxbrew/.linuxbrew/opt/python@3.14/lib/python3.14/importlib/__init__.py:88: in import_module
    return _bootstrap._gcd_import(name[level:], package, level)
           ^^^^^^^^^^^^^^^^^^^^^^^^^^^^^^^^^^^^^^^^^^^^^^^^^^^^
tests/auth_tests/test_remote_user.py:3: in <module>
    from django.conf import settings
E   ModuleNotFoundError: No module named 'django'
=========================== short test summary info ============================
ERROR tests/auth_tests/test_remote_user.py
=============================== 1 error in 0.04s ===============================
ERROR: found no collectors for /tmp/pcb_workdirs/django__django-21203/tests/auth_tests/test_remote_user.py::test_improperly_configured_message_remote_user

ERROR: found no collectors for /tmp/pcb_workdirs/django__django-21203/tests/auth_tests/test_remote_user.py::test_improperly_configured_message_persistent_remote_user


