[clone vitejs/vite@3770a530 ok]

Checking patch playground/glob-import/__tests__/glob-import.spec.ts...
Applied patch playground/glob-import/__tests__/glob-import.spec.ts cleanly.


Checking patch playground/glob-import/array-common-base/pattern1/a.js...
Checking patch playground/glob-import/array-common-base/pattern2/b.js...
Checking patch playground/glob-import/index.html...
Applied patch playground/glob-import/array-common-base/pattern1/a.js cleanly.
Applied patch playground/glob-import/array-common-base/pattern2/b.js cleanly.
Applied patch playground/glob-import/index.html cleanly.


[install rc=0]
Scope: all 265 workspace projects
Lockfile is up to date, resolution step is skipped
Progress: resolved 1, reused 0, downloaded 0, added 0
Packages: +1214
++++++++++++++++++++++++++++++++++++++++++++++++++++++++++++++++++++++++++++++++
Progress: resolved 1214, reused 1213, downloaded 0, added 1214, done

devDependencies:
+ @eslint/js 9.39.4
+ @type-challenges/utils 0.1.1
+ @types/babel__core 7.20.5
+ @types/babel__preset-env 7.10.0
+ @types/convert-source-map 2.0.3
+ @types/cross-spawn 6.0.6
+ @types/etag 1.8.4
+ @types/less 3.0.8
+ @types/node 24.12.2
+ @types/picomatch 4.0.3
+ @types/stylus 0.48.43
+ @types/ws 8.18.1
+ @vitejs/release-scripts 1.6.0
+ eslint 9.39.4
+ eslint-plugin-import-x 4.16.2
+ eslint-plugin-n 17.24.0
+ eslint-plugin-regexp 3.1.0
+ execa 9.6.1
+ globals 17.5.0
+ lint-staged 16.4.0
+ oxfmt 0.45.0
+ picocolors 1.1.1
+ playwright-chromium 1.59.1
+ rolldown 1.0.0-rc.16
+ rollup 4.59.0
+ simple-git-hooks 2.13.1
+ tsx 4.21.0
+ typescript 6.0.2
+ typescript-eslint 8.58.2
+ vite 8.0.9 <- packages/vite
+ vitest 4.1.4

. postinstall$ simple-git-hooks
. postinstall: [INFO] Successfully set the pre-commit with command: pnpm exec lint-staged --concurrent false
. postinstall: [INFO] Successfully set all git hooks
. postinstall: Done
Done in 2.6s using pnpm v10.33.0

[test rc=1]
tejs/vite-monorepo@ test-unit /tmp/pcb_workdirs/vitejs__vite-22281
> vitest run

 ELIFECYCLE  Command failed with exit code 1.
 ELIFECYCLE  Test failed. See above for more details.

> test
> pnpm test-unit && pnpm test-serve && pnpm test-build


> @vitejs/vite-monorepo@ test-unit /tmp/pcb_workdirs/vitejs__vite-22281
> vitest run

 ELIFECYCLE  Command failed with exit code 1.

⎯⎯⎯⎯⎯⎯⎯ Startup Error ⎯⎯⎯⎯⎯⎯⎯⎯
Error [ERR_MODULE_NOT_FOUND]: Cannot find module '/tmp/pcb_workdirs/vitejs__vite-22281/node_modules/.pnpm/vitest@4.1.4_@types+node@24.12.2_vite@packages+vite/node_modules/vite/dist/node/index.js' imported from /tmp/pcb_workdirs/vitejs__vite-22281/node_modules/.pnpm/vitest@4.1.4_@types+node@24.12.2_vite@packages+vite/node_modules/vitest/dist/chunks/cli-api.lDy4N9kC.js
    at finalizeResolution (node:internal/modules/esm/resolve:271:11)
    at moduleResolve (node:internal/modules/esm/resolve:861:10)
    at defaultResolve (node:internal/modules/esm/resolve:988:11)
    at #cachedDefaultResolve (node:internal/modules/esm/loader:697:20)
    at #resolveAndMaybeBlockOnLoaderThread (node:internal/modules/esm/loader:714:38)
    at ModuleLoader.resolveSync (node:internal/modules/esm/loader:746:52)
    at #resolve (node:internal/modules/esm/loader:679:17)
    at ModuleLoader.getOrCreateModuleJob (node:internal/modules/esm/loader:599:35)
    at ModuleJob.syncLink (node:internal/modules/esm/module_job:162:33)
    at ModuleJob.link (node:internal/modules/esm/module_job:252:17) {
  code: 'ERR_MODULE_NOT_FOUND',
  url: 'file:///tmp/pcb_workdirs/vitejs__vite-22281/node_modules/.pnpm/vitest@4.1.4_@types+node@24.12.2_vite@packages+vite/node_modules/vite/dist/node/index.js'
}




⎯⎯⎯⎯⎯⎯⎯ Startup Error ⎯⎯⎯⎯⎯⎯⎯⎯
Error [ERR_MODULE_NOT_FOUND]: Cannot find module '/tmp/pcb_workdirs/vitejs__vite-22281/node_modules/.pnpm/vitest@4.1.4_@types+node@24.12.2_vite@packages+vite/node_modules/vite/dist/node/index.js' imported from /tmp/pcb_workdirs/vitejs__vite-22281/node_modules/.pnpm/vitest@4.1.4_@types+node@24.12.2_vite@packages+vite/node_modules/vitest/dist/chunks/cli-api.lDy4N9kC.js
    at finalizeResolution (node:internal/modules/esm/resolve:271:11)
    at moduleResolve (node:internal/modules/esm/resolve:861:10)
    at defaultResolve (node:internal/modules/esm/resolve:988:11)
    at #cachedDefaultResolve (node:internal/modules/esm/loader:697:20)
    at #resolveAndMaybeBlockOnLoaderThread (node:internal/modules/esm/loader:714:38)
    at ModuleLoader.resolveSync (node:internal/modules/esm/loader:746:52)
    at #resolve (node:internal/modules/esm/loader:679:17)
    at ModuleLoader.getOrCreateModuleJob (node:internal/modules/esm/loader:599:35)
    at ModuleJob.syncLink (node:internal/modules/esm/module_job:162:33)
    at ModuleJob.link (node:internal/modules/esm/module_job:252:17) {
  code: 'ERR_MODULE_NOT_FOUND',
  url: 'file:///tmp/pcb_workdirs/vitejs__vite-22281/node_modules/.pnpm/vitest@4.1.4_@types+node@24.12.2_vite@packages+vite/node_modules/vite/dist/node/index.js'
}




