[clone prisma/prisma@895729a6 ok]

Checking patch packages/client-engine-runtime/src/user-facing-error.test.ts...
Checking patch packages/client/tests/functional/fulltext-search/__snapshots__/tests.ts.snap...
Checking patch packages/client/tests/functional/fulltext-search/tests.ts...
Checking patch packages/client/tests/functional/issues/unmapped-driver-error-user-facing/_matrix.ts...
Checking patch packages/client/tests/functional/issues/unmapped-driver-error-user-facing/prisma/_schema.ts...
Checking patch packages/client/tests/functional/issues/unmapped-driver-error-user-facing/test.ts...
Applied patch packages/client-engine-runtime/src/user-facing-error.test.ts cleanly.
Applied patch packages/client/tests/functional/fulltext-search/__snapshots__/tests.ts.snap cleanly.
Applied patch packages/client/tests/functional/fulltext-search/tests.ts cleanly.
Applied patch packages/client/tests/functional/issues/unmapped-driver-error-user-facing/_matrix.ts cleanly.
Applied patch packages/client/tests/functional/issues/unmapped-driver-error-user-facing/prisma/_schema.ts cleanly.
Applied patch packages/client/tests/functional/issues/unmapped-driver-error-user-facing/test.ts cleanly.


Checking patch AGENTS.md...
Checking patch packages/client-engine-runtime/src/user-facing-error.ts...
Checking patch packages/client/src/runtime/core/engines/client/ClientEngine.ts...
Applied patch AGENTS.md cleanly.
Applied patch packages/client-engine-runtime/src/user-facing-error.ts cleanly.
Applied patch packages/client/src/runtime/core/engines/client/ClientEngine.ts cleanly.


[install rc=0]
+ eslint-plugin-jest 28.11.0
+ eslint-plugin-local-rules 3.0.2
+ eslint-plugin-prettier 5.5.4
+ eslint-plugin-simple-import-sort 12.1.1
+ execa 8.0.1
+ format-util 1.0.5
+ fs-extra 11.3.0
+ globals 16.0.0
+ globby 11.1.0
+ graphviz-mit 0.0.9
+ husky 9.1.7
+ is-ci 4.1.0
+ jest-junit 16.0.0
+ kleur 4.1.5
+ lint-staged 15.4.3
+ p-map 4.0.0
+ p-reduce 3.0.0
+ p-retry 4.6.2
+ prettier 3.6.2
+ prettier2 <- prettier 2.8.8
+ regenerator-runtime 0.14.1
+ resolve 1.22.10
+ safe-buffer 5.2.1
+ semver 7.7.0
+ size-limit 11.2.0
+ spdx-exceptions 2.5.0
+ spdx-license-ids 3.0.21
+ staged-git-files 1.3.0
+ ts-node 10.9.2
+ ts-toolbelt 9.6.0
+ tsx 4.19.3
+ turbo 2.5.6
+ typescript 5.4.5
+ vitest 4.0.18
+ wrangler 3.114.15
+ zx 8.4.1

packages/engines postinstall$ node scripts/postinstall.js
packages/engines postinstall: Building postinstall as cjs...
packages/engines postinstall: Building localinstall as cjs...
packages/engines postinstall: Building default as cjs...
packages/engines postinstall: Done
. preinstall$ node ./scripts/only-allow-pnpm.js pnpm
. preinstall: Done
. prepare$ is-ci || husky
. prepare: Done
packages/cli preinstall$ node scripts/preinstall-entry.js
packages/cli preinstall: Done
 WARN  Failed to create bin at /tmp/pcb_hard_workdirs/prisma__prisma-29512/packages/bundle-size/node_modules/.bin/prisma. ENOENT: no such file or directory, open '/tmp/pcb_hard_workdirs/prisma__prisma-29512/packages/bundle-size/node_modules/prisma/build/index.js'
Done in 11.2s using pnpm v10.15.1

[test rc=1]

> dev-env@ test /tmp/pcb_hard_workdirs/prisma__prisma-29512
> dotenv -e ../../.db.env -- tsx scripts/ci/publish.ts --test

 ELIFECYCLE  Test failed. See above for more details.

> test
> dotenv -e ../../.db.env -- tsx scripts/ci/publish.ts --test

Error: Error: Missing env var GITHUB_REF_NAME
    at publish (/tmp/pcb_hard_workdirs/prisma__prisma-29512/scripts/ci/publish.ts:469:11)
    at fs (/tmp/pcb_hard_workdirs/prisma__prisma-29512/scripts/ci/publish.ts:977:3)
    at Object.<anonymous> (/tmp/pcb_hard_workdirs/prisma__prisma-29512/scripts/ci/publish.ts:981:1)
    at Module._compile (node:internal/modules/cjs/loader:1829:14)
    at Object.transformer (/tmp/pcb_hard_workdirs/prisma__prisma-29512/node_modules/.pnpm/tsx@4.19.3/node_modules/tsx/dist/register-DCnOAxY2.cjs:2:1186)
    at Module.load (node:internal/modules/cjs/loader:1552:32)
    at Module._load (node:internal/modules/cjs/loader:1354:12)
    at wrapModuleLoad (node:internal/modules/cjs/loader:255:19)
    at loadCJSModuleWithModuleLoad (node:internal/modules/esm/translators:327:3)
    at ModuleWrap.<anonymous> (node:internal/modules/esm/translators:232:7)
Error: Error: Missing env var GITHUB_REF_NAME
    at publish (/tmp/pcb_hard_workdirs/prisma__prisma-29512/scripts/ci/publish.ts:469:11)
    at fs (/tmp/pcb_hard_workdirs/prisma__prisma-29512/scripts/ci/publish.ts:977:3)
    at Object.<anonymous> (/tmp/pcb_hard_workdirs/prisma__prisma-29512/scripts/ci/publish.ts:981:1)
    at Module._compile (node:internal/modules/cjs/loader:1829:14)
    at Object.transformer (/tmp/pcb_hard_workdirs/prisma__prisma-29512/node_modules/.pnpm/tsx@4.19.3/node_modules/tsx/dist/register-DCnOAxY2.cjs:2:1186)
    at Module.load (node:internal/modules/cjs/loader:1552:32)
    at Module._load (node:internal/modules/cjs/loader:1354:12)
    at wrapModuleLoad (node:internal/modules/cjs/loader:255:19)
    at loadCJSModuleWithModuleLoad (node:internal/modules/esm/translators:327:3)
    at ModuleWrap.<anonymous> (node:internal/modules/esm/translators:232:7)

