[clone vuejs/core@340af2c2 ok]

Checking patch packages/runtime-vapor/__tests__/hydration.spec.ts...
Checking patch packages/runtime-vapor/__tests__/hydration.spec.ts...
Applied patch packages/runtime-vapor/__tests__/hydration.spec.ts cleanly.
Applied patch packages/runtime-vapor/__tests__/hydration.spec.ts cleanly.


Checking patch packages/runtime-core/src/apiSetupHelpers.ts...
Checking patch packages/runtime-core/src/component.ts...
Checking patch packages/runtime-vapor/src/component.ts...
Checking patch packages/runtime-vapor/src/dom/hydration.ts...
Checking patch packages/runtime-vapor/src/apiSetupHelpers.ts...
Checking patch packages/runtime-vapor/src/component.ts...
Checking patch packages/runtime-vapor/src/index.ts...
Checking patch packages/vue/src/index-with-vapor.ts...
Checking patch packages/vue/src/runtime-with-vapor.ts...
Checking patch packages/runtime-vapor/src/component.ts...
Applied patch packages/runtime-core/src/apiSetupHelpers.ts cleanly.
Applied patch packages/runtime-core/src/component.ts cleanly.
Applied patch packages/runtime-vapor/src/component.ts cleanly.
Applied patch packages/runtime-vapor/src/dom/hydration.ts cleanly.
Applied patch packages/runtime-vapor/src/apiSetupHelpers.ts cleanly.
Applied patch packages/runtime-vapor/src/component.ts cleanly.
Applied patch packages/runtime-vapor/src/index.ts cleanly.
Applied patch packages/vue/src/index-with-vapor.ts cleanly.
Applied patch packages/vue/src/runtime-with-vapor.ts cleanly.
Applied patch packages/runtime-vapor/src/component.ts cleanly.


[install rc=0]
1
+ @types/serve-handler 6.1.4
+ @vitest/coverage-v8 4.1.1
+ @vitest/ui 4.1.1
+ @vue/consolidate 1.0.0
+ conventional-changelog-cli 5.0.0
+ enquirer 2.4.1
+ estree-walker 2.0.2
+ fast-glob 3.3.3
+ jsdom 29.0.1
+ lodash 4.17.23
+ magic-string 0.30.21
+ markdown-table 3.0.4
+ marked 13.0.3
+ npm-run-all2 8.0.4
+ oxc-minify 0.116.0
+ oxc-parser 0.116.0
+ oxc-transform 0.116.0
+ picocolors 1.1.1
+ playwright 1.58.2
+ pretty-bytes 7.1.0
+ pug 3.0.4
+ puppeteer 24.40.0
+ rimraf 6.1.3
+ rolldown 1.0.0-rc.12
+ rolldown-plugin-dts 0.22.5
+ semver 7.7.4
+ serve 14.2.6
+ serve-handler 6.1.7
+ todomvc-app-css 2.4.3
+ tslib 2.8.1
+ typescript 5.6.3
+ vite <- @voidzero-dev/vite-plus-core 0.1.14
+ vite-plus 0.1.14
+ vitest <- @voidzero-dev/vite-plus-test 0.1.14

. prepare$ vp config --hooks-dir .vite-hooks
. prepare: Done
╭ Warning ─────────────────────────────────────────────────────────────────────╮
│                                                                              │
│   Ignored build scripts: @parcel/watcher@2.5.6, esbuild@0.21.5,              │
│   vue-demi@0.14.10.                                                          │
│   Run "pnpm approve-builds" to pick which dependencies should be allowed     │
│   to run scripts.                                                            │
│                                                                              │
╰──────────────────────────────────────────────────────────────────────────────╯
Done in 1.4s using pnpm v10.28.2

[test rc=1]
eError[22m: Cannot destructure property 'createApp' of 'window.Vue' as it is undefined.[39m
[90m [2m❯[22m evaluate evaluate at /tmp/pcb_hard_workdirs/vuejs__core-14691/packages/vue/__tests__/e2e/trusted-types.spec.ts:63:16, <anonymous>:[2m2:11[22m[39m
[90m [2m❯[22m ExecutionContext.#evaluate node_modules/.pnpm/puppeteer-core@24.40.0/node_modules/puppeteer-core/src/cdp/ExecutionContext.ts:[2m456:12[22m[39m
[90m [2m❯[22m ExecutionContext.evaluate node_modules/.pnpm/puppeteer-core@24.40.0/node_modules/puppeteer-core/src/cdp/ExecutionContext.ts:[2m293:11[22m[39m
[90m [2m❯[22m IsolatedWorld.evaluate node_modules/.pnpm/puppeteer-core@24.40.0/node_modules/puppeteer-core/src/cdp/IsolatedWorld.ts:[2m196:11[22m[39m
[90m [2m❯[22m CdpFrame.evaluate node_modules/.pnpm/puppeteer-core@24.40.0/node_modules/puppeteer-core/src/api/Frame.ts:[2m488:11[22m[39m
[90m [2m❯[22m CdpPage.evaluate node_modules/.pnpm/puppeteer-core@24.40.0/node_modules/puppeteer-core/src/api/Page.ts:[2m2362:11[22m[39m
[36m [2m❯[22m packages/vue/__tests__/e2e/trusted-types.spec.ts:[2m84:7[22m[39m
    [90m 82|[39m     [32m'should accept v-html with custom policy'[39m[33m,[39m
    [90m 83|[39m     [35masync[39m () [33m=>[39m {
    [90m 84|[39m       [35mawait[39m [34mpage[39m()[33m.[39m[34mevaluate[39m(() [33m=>[39m {
    [90m   |[39m       [31m^[39m
    [90m 85|[39m         const testPolicy = (window as any).trustedTypes.createPolicy('…
    [90m 86|[39m           createHTML[33m:[39m (input[33m:[39m string)[33m:[39m string [33m=>[39m input[33m,[39m
[90m [2m❯[22m node_modules/.pnpm/@voidzero-dev+vite-plus-test@0.1.14_@types+node@24.12.0_@vitest+ui@4.1.1_@voidzero-dev+_73db136fcc556155cc5f9242121ae0d7/node_modules/@voidzero-dev/vite-plus-test/dist/@vitest/runner/chunk-artifact.js:[2m1893:22[22m[39m

[31m[2m⎯⎯⎯⎯⎯⎯⎯⎯⎯⎯⎯⎯⎯⎯⎯⎯⎯⎯⎯⎯[101/105]⎯[22m[39m

[41m[1m FAIL [22m[49m [30m[45m e2e [49m[39m packages/vue/__tests__/e2e/vModel.spec.ts[2m > [22mcheckbox click with v-model
[31m[1mError[22m: ENOENT: no such file or directory, open '/tmp/pcb_hard_workdirs/vuejs__core-14691/packages/vue/dist/vue.global.js'[39m
[90m [2m❯[22m CdpFrame.addScriptTag node_modules/.pnpm/puppeteer-core@24.40.0/node_modules/puppeteer-core/src/api/Frame.ts:[2m914:16[22m[39m
[90m [2m❯[22m CdpPage.addScriptTag node_modules/.pnpm/puppeteer-core@24.40.0/node_modules/puppeteer-core/src/api/Page.ts:[2m1536:11[22m[39m
[36m [2m❯[22m packages/vue/__tests__/e2e/vModel.spec.ts:[2m8:3[22m[39m
    [90m  6|[39m
    [90m  7|[39m [34mbeforeEach[39m([35masync[39m () [33m=>[39m {
    [90m  8|[39m   [35mawait[39m [34mpage[39m()[33m.[39m[34maddScriptTag[39m({
    [90m   |[39m   [31m^[39m
    [90m  9|[39m     path[33m:[39m path[33m.[39m[34mresolve[39m(__dirname[33m,[39m [32m'../../dist/vue.global.js'[39m)[33m,[39m
    [90m 10|[39m   })

[31m[2m⎯⎯⎯⎯⎯⎯⎯⎯⎯⎯⎯⎯⎯⎯⎯⎯⎯⎯⎯⎯[102/105]⎯[22m[39m


