[clone vuejs/core@dfd106a5 ok]

Checking patch packages/runtime-vapor/__tests__/hydration.spec.ts...
Checking patch packages/runtime-vapor/__tests__/hydration.spec.ts...
Applied patch packages/runtime-vapor/__tests__/hydration.spec.ts cleanly.
Applied patch packages/runtime-vapor/__tests__/hydration.spec.ts cleanly.


Checking patch packages/runtime-vapor/src/component.ts...
Checking patch packages/runtime-vapor/src/vdomInterop.ts...
Checking patch packages/runtime-vapor/src/apiCreateApp.ts...
Applied patch packages/runtime-vapor/src/component.ts cleanly.
Applied patch packages/runtime-vapor/src/vdomInterop.ts cleanly.
Applied patch packages/runtime-vapor/src/apiCreateApp.ts cleanly.


[install rc=0]
1
+ @types/serve-handler 6.1.4
+ @vitest/coverage-v8 4.1.1
+ @vitest/ui 4.1.1
+ @vue/consolidate 1.0.0
+ conventional-changelog-cli 5.0.0
+ enquirer 2.4.1
+ estree-walker 2.0.2
+ fast-glob 3.3.3
+ jsdom 29.0.1
+ lodash 4.17.23
+ magic-string 0.30.21
+ markdown-table 3.0.4
+ marked 13.0.3
+ npm-run-all2 8.0.4
+ oxc-minify 0.116.0
+ oxc-parser 0.116.0
+ oxc-transform 0.116.0
+ picocolors 1.1.1
+ playwright 1.58.2
+ pretty-bytes 7.1.0
+ pug 3.0.4
+ puppeteer 24.40.0
+ rimraf 6.1.3
+ rolldown 1.0.0-rc.12
+ rolldown-plugin-dts 0.22.5
+ semver 7.7.4
+ serve 14.2.6
+ serve-handler 6.1.7
+ todomvc-app-css 2.4.3
+ tslib 2.8.1
+ typescript 5.6.3
+ vite <- @voidzero-dev/vite-plus-core 0.1.14
+ vite-plus 0.1.14
+ vitest <- @voidzero-dev/vite-plus-test 0.1.14

. prepare$ vp config --hooks-dir .vite-hooks
. prepare: Done
╭ Warning ─────────────────────────────────────────────────────────────────────╮
│                                                                              │
│   Ignored build scripts: @parcel/watcher@2.5.6, esbuild@0.21.5,              │
│   vue-demi@0.14.10.                                                          │
│   Run "pnpm approve-builds" to pick which dependencies should be allowed     │
│   to run scripts.                                                            │
│                                                                              │
╰──────────────────────────────────────────────────────────────────────────────╯
Done in 1.8s using pnpm v10.28.2

[test rc=1]
35mawait[39m [34mpage[39m()[33m.[39m[34maddScriptTag[39m({
    [90m   |[39m   [31m^[39m
    [90m  9|[39m     path[33m:[39m path[33m.[39m[34mresolve[39m(__dirname[33m,[39m [32m'../../dist/vue.global.js'[39m)[33m,[39m
    [90m 10|[39m   })

[31m[2m⎯⎯⎯⎯⎯⎯⎯⎯⎯⎯⎯⎯⎯⎯⎯⎯⎯⎯⎯⎯[102/106]⎯[22m[39m

[41m[1m FAIL [22m[49m [30m[42m unit [49m[39m packages/reactivity/__tests__/computed.spec.ts[2m > [22mreactivity/computed[2m > [22mshould not lead to exponential perf cost with deeply chained computed
[31m[1mAssertionError[22m: expected 71.26272100000006 to be less than 30[39m
[36m [2m❯[22m packages/reactivity/__tests__/computed.spec.ts:[2m1112:35[22m[39m
    [90m1110|[39m     start[33m.[39mprop3[33m.[39mvalue [33m=[39m [34m2[39m
    [90m1111|[39m     start[33m.[39mprop4[33m.[39mvalue [33m=[39m [34m1[39m
    [90m1112|[39m     expect(performance.now() - t).toBeLessThan(process.env.CI ? 100 : …
    [90m   |[39m                                   [31m^[39m
    [90m1113|[39m
    [90m1114|[39m     [35mconst[39m end [33m=[39m layer
[90m [2m❯[22m node_modules/.pnpm/@voidzero-dev+vite-plus-test@0.1.14_@types+node@24.12.0_@vitest+ui@4.1.1_@voidzero-dev+_73db136fcc556155cc5f9242121ae0d7/node_modules/@voidzero-dev/vite-plus-test/dist/@vitest/runner/chunk-artifact.js:[2m302:14[22m[39m
[90m [2m❯[22m node_modules/.pnpm/@voidzero-dev+vite-plus-test@0.1.14_@types+node@24.12.0_@vitest+ui@4.1.1_@voidzero-dev+_73db136fcc556155cc5f9242121ae0d7/node_modules/@voidzero-dev/vite-plus-test/dist/@vitest/runner/chunk-artifact.js:[2m1893:28[22m[39m
[90m [2m❯[22m node_modules/.pnpm/@voidzero-dev+vite-plus-test@0.1.14_@types+node@24.12.0_@vitest+ui@4.1.1_@voidzero-dev+_73db136fcc556155cc5f9242121ae0d7/node_modules/@voidzero-dev/vite-plus-test/dist/@vitest/runner/chunk-artifact.js:[2m2316:24[22m[39m
[90m [2m❯[22m runWithCancel node_modules/.pnpm/@voidzero-dev+vite-plus-test@0.1.14_@types+node@24.12.0_@vitest+ui@4.1.1_@voidzero-dev+_73db136fcc556155cc5f9242121ae0d7/node_modules/@voidzero-dev/vite-plus-test/dist/@vitest/runner/chunk-artifact.js:[2m2313:12[22m[39m
[90m [2m❯[22m node_modules/.pnpm/@voidzero-dev+vite-plus-test@0.1.14_@types+node@24.12.0_@vitest+ui@4.1.1_@voidzero-dev+_73db136fcc556155cc5f9242121ae0d7/node_modules/@voidzero-dev/vite-plus-test/dist/@vitest/runner/chunk-artifact.js:[2m2295:24[22m[39m
[90m [2m❯[22m runWithTimeout node_modules/.pnpm/@voidzero-dev+vite-plus-test@0.1.14_@types+node@24.12.0_@vitest+ui@4.1.1_@voidzero-dev+_73db136fcc556155cc5f9242121ae0d7/node_modules/@voidzero-dev/vite-plus-test/dist/@vitest/runner/chunk-artifact.js:[2m2262:12[22m[39m
[90m [2m❯[22m node_modules/.pnpm/@voidzero-dev+vite-plus-test@0.1.14_@types+node@24.12.0_@vitest+ui@4.1.1_@voidzero-dev+_73db136fcc556155cc5f9242121ae0d7/node_modules/@voidzero-dev/vite-plus-test/dist/@vitest/runner/chunk-artifact.js:[2m2945:70[22m[39m

[31m[2m⎯⎯⎯⎯⎯⎯⎯⎯⎯⎯⎯⎯⎯⎯⎯⎯⎯⎯⎯⎯[103/106]⎯[22m[39m


