[clone vuejs/core@466ec98c ok]

Checking patch packages/runtime-vapor/__tests__/dom/prop.spec.ts...
Checking patch packages/runtime-vapor/__tests__/if.spec.ts...
Checking patch packages/runtime-vapor/__tests__/componentProps.spec.ts...
Applied patch packages/runtime-vapor/__tests__/dom/prop.spec.ts cleanly.
Applied patch packages/runtime-vapor/__tests__/if.spec.ts cleanly.
Applied patch packages/runtime-vapor/__tests__/componentProps.spec.ts cleanly.


Checking patch packages/runtime-vapor/src/dom/prop.ts...
Checking patch packages/runtime-vapor/src/component.ts...
Checking patch packages/runtime-vapor/src/components/Transition.ts...
Checking patch packages/runtime-vapor/src/fragment.ts...
Checking patch packages/runtime-vapor/src/transition.ts...
Checking patch packages/runtime-vapor/src/componentProps.ts...
Checking patch packages/runtime-vapor/src/apiCreateFor.ts...
Applied patch packages/runtime-vapor/src/dom/prop.ts cleanly.
Applied patch packages/runtime-vapor/src/component.ts cleanly.
Applied patch packages/runtime-vapor/src/components/Transition.ts cleanly.
Applied patch packages/runtime-vapor/src/fragment.ts cleanly.
Applied patch packages/runtime-vapor/src/transition.ts cleanly.
Applied patch packages/runtime-vapor/src/componentProps.ts cleanly.
Applied patch packages/runtime-vapor/src/apiCreateFor.ts cleanly.


[install rc=0]
vitest/coverage-v8 4.1.4
+ @vitest/ui 4.1.4
+ @vue/consolidate 1.0.0
+ conventional-changelog 7.2.0
+ conventional-changelog-angular 8.3.1
+ enquirer 2.4.1
+ estree-walker 2.0.2
+ fast-glob 3.3.3
+ jsdom 29.0.2
+ lodash 4.18.1
+ magic-string 0.30.21
+ markdown-table 3.0.4
+ marked 13.0.3
+ npm-run-all2 8.0.4
+ oxc-minify 0.116.0
+ oxc-parser 0.116.0
+ oxc-transform 0.116.0
+ picocolors 1.1.1
+ playwright 1.59.1
+ pretty-bytes 7.1.0
+ pug 3.0.4
+ puppeteer 24.40.0
+ rimraf 6.1.3
+ rolldown 1.0.0-rc.15
+ rolldown-plugin-dts 0.22.5
+ semver 7.7.4
+ serve 14.2.6
+ serve-handler 6.1.7
+ todomvc-app-css 2.4.3
+ tslib 2.8.1
+ typescript 5.6.3
+ vite <- @voidzero-dev/vite-plus-core 0.1.16
+ vite-plus 0.1.16
+ vitest <- @voidzero-dev/vite-plus-test 0.1.16

. prepare$ vp config --hooks-dir .vite-hooks
. prepare: Done
╭ Warning ─────────────────────────────────────────────────────────────────────╮
│                                                                              │
│   Ignored build scripts: @parcel/watcher@2.5.6, esbuild@0.21.5,              │
│   vue-demi@0.14.10.                                                          │
│   Run "pnpm approve-builds" to pick which dependencies should be allowed     │
│   to run scripts.                                                            │
│                                                                              │
╰──────────────────────────────────────────────────────────────────────────────╯
Done in 1.6s using pnpm v10.33.0

[test rc=1]
@24.40.0/node_modules/puppeteer-core/src/api/Page.ts:2362:11
 ❯ packages/vue/__tests__/e2e/trusted-types.spec.ts:84:7
     82|     'should accept v-html with custom policy',
     83|     async () => {
     84|       await page().evaluate(() => {
       |       ^
     85|         const testPolicy = (window as any).trustedTypes.createPolicy('…
     86|           createHTML: (input: string): string => input,
 ❯ node_modules/.pnpm/@voidzero-dev+vite-plus-test@0.1.16_@types+node@24.12.2_@vitest+ui@4.1.4_@voidzero-dev+_70a29a87ee9e414e5007a60e1afb1358/node_modules/@voidzero-dev/vite-plus-test/dist/@vitest/runner/chunk-artifact.js:1893:22

⎯⎯⎯⎯⎯⎯⎯⎯⎯⎯⎯⎯⎯⎯⎯⎯⎯⎯⎯⎯[102/108]⎯

 FAIL  |e2e| packages/vue/__tests__/e2e/vModel.spec.ts > checkbox click with v-model
Error: ENOENT: no such file or directory, open '/tmp/pcb_hard_workdirs/vuejs__core-14767/packages/vue/dist/vue.global.js'
 ❯ CdpFrame.addScriptTag node_modules/.pnpm/puppeteer-core@24.40.0/node_modules/puppeteer-core/src/api/Frame.ts:914:16
 ❯ CdpPage.addScriptTag node_modules/.pnpm/puppeteer-core@24.40.0/node_modules/puppeteer-core/src/api/Page.ts:1536:11
 ❯ packages/vue/__tests__/e2e/vModel.spec.ts:8:3
      6|
      7| beforeEach(async () => {
      8|   await page().addScriptTag({
       |   ^
      9|     path: path.resolve(__dirname, '../../dist/vue.global.js'),
     10|   })

⎯⎯⎯⎯⎯⎯⎯⎯⎯⎯⎯⎯⎯⎯⎯⎯⎯⎯⎯⎯[103/108]⎯

 FAIL  |unit| packages/runtime-core/__tests__/components/Suspense.spec.ts > Suspense > nested suspense (w/ suspensible) switch several times before parent suspense resolve
AssertionError: expected '<div>innerB</div>' to be '<div>innerB2</div>' // Object.is equality

Expected: "<div>innerB2</div>"
Received: "<div>innerB</div>"

 ❯ packages/runtime-core/__tests__/components/Suspense.spec.ts:1264:34
    1262|     await Promise.all(deps)
    1263|     await nextTick()
    1264|     expect(serializeInner(root)).toBe(`<div>innerB2</div>`)
       |                                  ^
    1265|   })
    1266|
 ❯ node_modules/.pnpm/@voidzero-dev+vite-plus-test@0.1.16_@types+node@24.12.2_@vitest+ui@4.1.4_@voidzero-dev+_70a29a87ee9e414e5007a60e1afb1358/node_modules/@voidzero-dev/vite-plus-test/dist/@vitest/runner/chunk-artifact.js:1893:22

⎯⎯⎯⎯⎯⎯⎯⎯⎯⎯⎯⎯⎯⎯⎯⎯⎯⎯⎯⎯[104/108]⎯

 FAIL  |unit| packages/runtime-core/__tests__/components/Suspense.spec.ts > Suspense > branch switch to 3rd branch before resolve
AssertionError: expected 4 to be 2 // Object.is equality

- Expected
+ Received

- 2
+ 4

 ❯ packages/runtime-core/__tests__/components/Suspense.spec.ts:1314:25
    1312|     view.value = Two
    1313|     await nextTick()
    1314|     expect(deps.length).toBe(2)
       |                         ^
    1315|
    1316|     // switch before two resolves
 ❯ node_modules/.pnpm/@voidzero-dev+vite-plus-test@0.1.16_@types+node@24.12.2_@vitest+ui@4.1.4_@voidzero-dev+_70a29a87ee9e414e5007a60e1afb1358/node_modules/@voidzero-dev/vite-plus-test/dist/@vitest/runner/chunk-artifact.js:1893:22

⎯⎯⎯⎯⎯⎯⎯⎯⎯⎯⎯⎯⎯⎯⎯⎯⎯⎯⎯⎯[105/108]⎯


